pygame 2.5.2 (SDL 2.28.2, Python 3.12.1)
Hello from the pygame community. https://www.pygame.org/contribute.html
ep 0 rew -272.2 succ 0 disp 683 uniq 3 ent 1.08
ep 1 rew 981.8 succ 1 disp 101 uniq 3 ent 1.06
ep 2 rew -243.4 succ 0 disp 481 uniq 3 ent 1.07
ep 3 rew 977.6 succ 1 disp 135 uniq 3 ent 1.08
ep 4 rew 991.5 succ 1 disp 48 uniq 3 ent 1.06
ep 5 rew 968.5 succ 1 disp 157 uniq 3 ent 1.07
ep 6 rew -168.3 succ 0 disp 304 uniq 3 ent 1.08
ep 7 rew 980.6 succ 1 disp 90 uniq 3 ent 1.07
ep 8 rew -383.4 succ 0 disp 759 uniq 3 ent 1.09
ep 9 rew -320.1 succ 0 disp 863 uniq 3 ent 1.09
ep 10 rew -245.1 succ 0 disp 295 uniq 3 ent 1.08
ep 11 rew 984.8 succ 1 disp 68 uniq 3 ent 1.05
ep 12 rew -206.7 succ 0 disp 524 uniq 3 ent 1.08
ep 13 rew -207.1 succ 0 disp 448 uniq 3 ent 1.09
ep 14 rew -228.4 succ 0 disp 392 uniq 3 ent 1.08
ep 15 rew -189.6 succ 0 disp 185 uniq 3 ent 1.08
ep 16 rew 940.1 succ 1 disp 230 uniq 3 ent 1.08
ep 17 rew -211.2 succ 0 disp 307 uniq 3 ent 1.09
ep 18 rew 951.9 succ 1 disp 170 uniq 3 ent 1.07
ep 19 rew -159.4 succ 0 disp 190 uniq 3 ent 1.09
ep 20 rew -237.3 succ 0 disp 271 uniq 3 ent 1.09
ep 21 rew -144.2 succ 0 disp 159 uniq 3 ent 1.08
ep 22 rew -199.3 succ 0 disp 196 uniq 3 ent 1.06
ep 23 rew -181.8 succ 0 disp 279 uniq 3 ent 1.09
ep 24 rew -205.8 succ 0 disp 222 uniq 3 ent 1.06
ep 25 rew -206.2 succ 0 disp 458 uniq 3 ent 1.08
ep 26 rew -213.5 succ 0 disp 196 uniq 3 ent 1.09
ep 27 rew -290.7 succ 0 disp 393 uniq 3 ent 1.08
ep 28 rew -195.6 succ 0 disp 237 uniq 3 ent 1.07
ep 29 rew -226.7 succ 0 disp 112 uniq 3 ent 1.07
ep 30 rew -282.8 succ 0 disp 337 uniq 3 ent 1.09
ep 31 rew -289.0 succ 0 disp 243 uniq 3 ent 1.08
ep 32 rew -271.5 succ 0 disp 151 uniq 3 ent 1.07
ep 33 rew -263.8 succ 0 disp 487 uniq 3 ent 1.09
ep 34 rew -214.5 succ 0 disp 146 uniq 3 ent 1.08
ep 35 rew -218.6 succ 0 disp 48 uniq 3 ent 1.07
ep 36 rew -263.2 succ 0 disp 141 uniq 3 ent 1.07
ep 37 rew -382.3 succ 0 disp 492 uniq 3 ent 1.09
ep 38 rew -208.2 succ 0 disp 125 uniq 3 ent 1.07
ep 39 rew -188.5 succ 0 disp 56 uniq 3 ent 1.05
ep 40 rew -296.6 succ 0 disp 232 uniq 3 ent 1.08
ep 41 rew 901.4 succ 1 disp 479 uniq 3 ent 1.09
ep 42 rew -305.9 succ 0 disp 337 uniq 3 ent 1.08
ep 43 rew -278.4 succ 0 disp 177 uniq 3 ent 1.05
ep 44 rew -369.2 succ 0 disp 3 uniq 3 ent 1.08
ep 45 rew -215.5 succ 0 disp 128 uniq 3 ent 1.08
ep 46 rew -147.1 succ 0 disp 6 uniq 3 ent 1.08
ep 47 rew -442.9 succ 0 disp 0 uniq 3 ent 1.07
ep 48 rew -221.9 succ 0 disp 32 uniq 3 ent 1.08
ep 49 rew -213.2 clean -430.6 rate 0.00 disp 0 best -430.6@49 IMPROVED
PAD-SIT gate: avg clean disp 0.3m (1/2)
ep 50 rew -230.1 succ 0 disp 201 uniq 3 ent 1.07
ep 51 rew -269.8 succ 0 disp 0 uniq 3 ent 1.08
ep 52 rew -186.1 succ 0 disp 13 uniq 3 ent 1.07
ep 53 rew -245.8 succ 0 disp 50 uniq 3 ent 1.06
ep 54 rew -227.7 succ 0 disp 149 uniq 3 ent 1.09
ep 55 rew -406.8 succ 0 disp 14 uniq 3 ent 1.06
ep 56 rew -262.6 succ 0 disp 145 uniq 3 ent 1.08
ep 57 rew -445.3 succ 0 disp 0 uniq 3 ent 1.07
ep 58 rew -170.4 succ 0 disp 24 uniq 3 ent 1.05
ep 59 rew -288.1 succ 0 disp 497 uniq 3 ent 1.07
ep 60 rew -495.9 succ 0 disp 0 uniq 3 ent 1.07
ep 61 rew -404.5 succ 0 disp 5 uniq 3 ent 1.07
ep 62 rew -176.5 succ 0 disp 265 uniq 3 ent 1.07
ep 63 rew -186.7 succ 0 disp 154 uniq 3 ent 1.08
ep 64 rew -243.8 succ 0 disp 83 uniq 3 ent 1.04
ep 65 rew -322.5 succ 0 disp 341 uniq 3 ent 1.05
ep 66 rew -286.0 succ 0 disp 412 uniq 3 ent 1.06
ep 67 rew -294.8 succ 0 disp 238 uniq 3 ent 1.08
ep 68 rew -135.9 succ 0 disp 187 uniq 3 ent 1.08
ep 69 rew -324.2 succ 0 disp 266 uniq 3 ent 1.07
ep 70 rew -188.8 succ 0 disp 252 uniq 3 ent 1.08
ep 71 rew -239.3 succ 0 disp 112 uniq 3 ent 1.07
ep 72 rew -339.1 succ 0 disp 1 uniq 3 ent 1.07
ep 73 rew -255.3 succ 0 disp 131 uniq 3 ent 1.04
ep 74 rew -246.1 succ 0 disp 149 uniq 3 ent 1.04
ep 75 rew -185.6 succ 0 disp 141 uniq 3 ent 1.05
ep 76 rew -161.4 succ 0 disp 64 uniq 3 ent 1.09
ep 77 rew -362.7 succ 0 disp 3 uniq 3 ent 1.05
ep 78 rew -328.1 succ 0 disp 301 uniq 3 ent 1.05
ep 79 rew -226.3 succ 0 disp 198 uniq 3 ent 1.06
ep 80 rew -156.7 succ 0 disp 182 uniq 3 ent 1.05
ep 81 rew -385.5 succ 0 disp 9 uniq 3 ent 1.06
ep 82 rew -468.6 succ 0 disp 4 uniq 3 ent 1.07
ep 83 rew -142.2 succ 0 disp 95 uniq 3 ent 1.04
ep 84 rew -244.9 succ 0 disp 3 uniq 3 ent 1.07
ep 85 rew -360.1 succ 0 disp 0 uniq 3 ent 1.06
ep 86 rew -322.8 succ 0 disp 6 uniq 3 ent 1.06
ep 87 rew -202.1 succ 0 disp 180 uniq 3 ent 1.03
ep 88 rew -218.8 succ 0 disp 175 uniq 3 ent 1.05
ep 89 rew -177.8 succ 0 disp 160 uniq 3 ent 1.06
ep 90 rew -263.8 succ 0 disp 176 uniq 3 ent 1.04
ep 91 rew -311.5 succ 0 disp 186 uniq 3 ent 1.06
ep 92 rew -165.1 succ 0 disp 48 uniq 3 ent 1.05
ep 93 rew -333.8 succ 0 disp 123 uniq 3 ent 1.09
ep 94 rew -203.6 succ 0 disp 33 uniq 3 ent 1.07
ep 95 rew -298.7 succ 0 disp 1 uniq 3 ent 1.07
ep 96 rew -343.3 succ 0 disp 495 uniq 3 ent 1.08
ep 97 rew -304.0 succ 0 disp 1 uniq 3 ent 1.06
ep 98 rew -252.5 succ 0 disp 181 uniq 3 ent 1.06
ep 99 rew -232.3 clean -430.6 rate 0.00 disp 0 best -430.6@49 stale 1/4
PAD-SIT gate: avg clean disp 0.4m (2/2)
early-stop: policy sitting on pad twice in a row — inspect env/reward
saved best_ep=49 clean=-430.6
