pygame 2.5.2 (SDL 2.28.2, Python 3.12.1)
Hello from the pygame community. https://www.pygame.org/contribute.html
ep 0 rew -148.4 succ 0 disp 221 uniq 3 ent 1.07
ep 1 rew -162.8 succ 0 disp 361 uniq 3 ent 1.08
ep 2 rew 989.0 succ 1 disp 63 uniq 3 ent 1.09
ep 3 rew -166.2 succ 0 disp 258 uniq 3 ent 1.06
ep 4 rew -222.8 succ 0 disp 401 uniq 3 ent 1.08
ep 5 rew -150.9 succ 0 disp 297 uniq 3 ent 1.07
ep 6 rew -184.0 succ 0 disp 303 uniq 3 ent 1.08
ep 7 rew -174.3 succ 0 disp 275 uniq 3 ent 1.06
ep 8 rew -184.6 succ 0 disp 262 uniq 3 ent 1.07
ep 9 rew -139.7 succ 0 disp 248 uniq 3 ent 1.08
ep 10 rew -190.4 succ 0 disp 229 uniq 3 ent 1.07
ep 11 rew 984.2 succ 1 disp 65 uniq 3 ent 1.07
ep 12 rew 942.5 succ 1 disp 250 uniq 3 ent 1.09
ep 13 rew 935.2 succ 1 disp 252 uniq 3 ent 1.09
ep 14 rew -221.6 succ 0 disp 293 uniq 3 ent 1.08
ep 15 rew -198.8 succ 0 disp 214 uniq 3 ent 1.08
ep 16 rew -161.6 succ 0 disp 140 uniq 3 ent 1.05
ep 17 rew 920.6 succ 1 disp 299 uniq 3 ent 1.08
ep 18 rew -226.9 succ 0 disp 305 uniq 3 ent 1.08
ep 19 rew -174.2 succ 0 disp 160 uniq 3 ent 1.06
ep 20 rew -209.4 succ 0 disp 447 uniq 3 ent 1.09
ep 21 rew -166.8 succ 0 disp 166 uniq 3 ent 1.07
ep 22 rew -226.0 succ 0 disp 636 uniq 3 ent 1.08
ep 23 rew -239.8 succ 0 disp 355 uniq 3 ent 1.07
ep 24 rew -397.1 succ 0 disp 1239 uniq 3 ent 1.09
ep 25 rew -282.0 succ 0 disp 407 uniq 3 ent 1.08
ep 26 rew -163.3 succ 0 disp 195 uniq 3 ent 1.07
ep 27 rew -381.6 succ 0 disp 597 uniq 3 ent 1.09
ep 28 rew -116.5 succ 0 disp 12 uniq 3 ent 1.05
ep 29 rew -209.8 succ 0 disp 115 uniq 3 ent 1.07
ep 30 rew -234.3 succ 0 disp 66 uniq 3 ent 1.09
ep 31 rew -171.6 succ 0 disp 499 uniq 3 ent 1.09
ep 32 rew -218.8 succ 0 disp 536 uniq 3 ent 1.08
ep 33 rew 887.6 succ 1 disp 421 uniq 3 ent 1.10
ep 34 rew -264.3 succ 0 disp 291 uniq 3 ent 1.07
ep 35 rew -203.0 succ 0 disp 105 uniq 3 ent 1.07
ep 36 rew -287.9 succ 0 disp 747 uniq 3 ent 1.09
ep 37 rew -319.9 succ 0 disp 270 uniq 3 ent 1.08
ep 38 rew -217.8 succ 0 disp 14 uniq 3 ent 1.05
ep 39 rew -403.2 succ 0 disp 1 uniq 3 ent 1.09
ep 40 rew -185.7 succ 0 disp 54 uniq 3 ent 1.08
ep 41 rew -281.6 succ 0 disp 12 uniq 3 ent 1.07
ep 42 rew -373.3 succ 0 disp 0 uniq 3 ent 1.09
ep 43 rew -292.1 succ 0 disp 161 uniq 3 ent 1.08
ep 44 rew -275.6 succ 0 disp 253 uniq 3 ent 1.08
ep 45 rew -390.6 succ 0 disp 375 uniq 3 ent 1.08
ep 46 rew -285.7 succ 0 disp 169 uniq 3 ent 1.07
ep 47 rew -264.7 succ 0 disp 202 uniq 3 ent 1.07
ep 48 rew -454.3 succ 0 disp 0 uniq 3 ent 1.08
ep 49 rew -280.9 clean -430.6 rate 0.00 disp 0 pl 0.022 vl 0.0 kl -0.0016 best -430.6@49 IMPROVED
PAD-SIT gate: avg clean disp 0.2m (1/2)
ep 50 rew -228.2 succ 0 disp 194 uniq 3 ent 1.07
ep 51 rew -269.8 succ 0 disp 0 uniq 3 ent 1.07
ep 52 rew -235.1 succ 0 disp 11 uniq 3 ent 1.06
ep 53 rew -262.4 succ 0 disp 58 uniq 3 ent 1.07
ep 54 rew -223.3 succ 0 disp 1 uniq 3 ent 1.08
ep 55 rew -143.4 succ 0 disp 0 uniq 3 ent 1.10
ep 56 rew -275.1 succ 0 disp 279 uniq 3 ent 1.07
ep 57 rew 875.0 succ 1 disp 373 uniq 3 ent 1.09
ep 58 rew -289.5 succ 0 disp 0 uniq 3 ent 1.08
ep 59 rew -162.4 succ 0 disp 887 uniq 3 ent 1.08
ep 60 rew -249.0 succ 0 disp 25 uniq 3 ent 1.08
ep 61 rew -407.8 succ 0 disp 986 uniq 3 ent 1.09
ep 62 rew -203.6 succ 0 disp 1 uniq 3 ent 1.08
ep 63 rew -269.8 succ 0 disp 428 uniq 3 ent 1.08
ep 64 rew -280.3 succ 0 disp 0 uniq 3 ent 1.08
ep 65 rew -336.0 succ 0 disp 759 uniq 3 ent 1.08
ep 66 rew -402.1 succ 0 disp 1425 uniq 3 ent 1.08
ep 67 rew 981.5 succ 1 disp 66 uniq 3 ent 1.07
ep 68 rew -406.0 succ 0 disp 798 uniq 3 ent 1.07
ep 69 rew -316.5 succ 0 disp 114 uniq 3 ent 1.10
ep 70 rew -246.2 succ 0 disp 275 uniq 3 ent 1.06
ep 71 rew -493.0 succ 0 disp 1 uniq 3 ent 1.08
ep 72 rew -259.6 succ 0 disp 68 uniq 3 ent 1.07
ep 73 rew -244.7 succ 0 disp 1 uniq 3 ent 1.05
ep 74 rew -192.6 succ 0 disp 448 uniq 3 ent 1.04
ep 75 rew -225.0 succ 0 disp 181 uniq 3 ent 1.06
ep 76 rew -405.0 succ 0 disp 579 uniq 3 ent 1.06
ep 77 rew -318.5 succ 0 disp 114 uniq 3 ent 1.08
ep 78 rew -222.6 succ 0 disp 541 uniq 3 ent 1.08
ep 79 rew -262.0 succ 0 disp 1003 uniq 3 ent 1.08
ep 80 rew -189.2 succ 0 disp 203 uniq 3 ent 1.09
ep 81 rew -224.3 succ 0 disp 9 uniq 3 ent 1.09
ep 82 rew -359.6 succ 0 disp 1 uniq 3 ent 1.07
ep 83 rew -319.8 succ 0 disp 5 uniq 3 ent 1.05
ep 84 rew -185.9 succ 0 disp 270 uniq 3 ent 1.07
ep 85 rew -281.7 succ 0 disp 257 uniq 3 ent 1.04
ep 86 rew -195.5 succ 0 disp 184 uniq 3 ent 1.04
ep 87 rew -151.6 succ 0 disp 59 uniq 3 ent 0.97
ep 88 rew -245.5 succ 0 disp 10 uniq 3 ent 1.05
ep 89 rew -165.8 succ 0 disp 8 uniq 3 ent 1.02
ep 90 rew -203.5 succ 0 disp 149 uniq 3 ent 1.01
ep 91 rew -492.1 succ 0 disp 3 uniq 3 ent 0.96
ep 92 rew -199.1 succ 0 disp 126 uniq 3 ent 1.02
ep 93 rew -177.8 succ 0 disp 2 uniq 3 ent 1.01
ep 94 rew -294.5 succ 0 disp 299 uniq 3 ent 1.04
ep 95 rew -352.7 succ 0 disp 176 uniq 3 ent 1.05
ep 96 rew -225.4 succ 0 disp 213 uniq 3 ent 1.06
ep 97 rew -246.4 succ 0 disp 132 uniq 3 ent 1.04
ep 98 rew -298.2 succ 0 disp 1 uniq 3 ent 1.00
ep 99 rew -181.3 clean -430.7 rate 0.00 disp 1 pl 0.001 vl 0.0 kl -0.0008 best -430.6@49 stale 1/4
PAD-SIT gate: avg clean disp 0.9m (2/2)
early-stop: policy sitting on pad twice in a row — inspect env/reward
saved best_ep=49 clean=-430.6
