/home/manigupt/miniconda3/envs/myenv/lib/python3.12/site-packages/torch/cuda/__init__.py:58: FutureWarning: The pynvml package is deprecated. Please install nvidia-ml-py instead. If you did not install pynvml directly, please report this to the maintainers of the package that installed pynvml for you.
  import pynvml  # type: ignore[import]
pygame 2.5.2 (SDL 2.28.2, Python 3.12.1)
Hello from the pygame community. https://www.pygame.org/contribute.html
ep 0 rew 63651.6 succ 0 disp 221 uniq 3 ent 1.07
ep 1 rew 147340.8 succ 0 disp 338 uniq 3 ent 1.07
ep 2 rew 166694.0 succ 0 disp 1614 uniq 3 ent 1.08
ep 3 rew 143242.7 succ 0 disp 333 uniq 3 ent 1.06
ep 4 rew 66038.5 succ 0 disp 251 uniq 3 ent 1.07
ep 5 rew 63484.1 succ 1 disp 97 uniq 3 ent 1.08
ep 6 rew 199817.3 succ 0 disp 205 uniq 3 ent 1.04
ep 7 rew 300395.2 succ 0 disp 16 uniq 3 ent 0.98
ep 8 rew 67648.0 succ 0 disp 198 uniq 3 ent 1.05
ep 9 rew 231908.7 succ 0 disp 181 uniq 3 ent 1.04
ep 10 rew 66840.1 succ 0 disp 225 uniq 3 ent 1.05
ep 11 rew 72245.5 succ 0 disp 187 uniq 3 ent 1.04
ep 12 rew 171394.9 succ 0 disp 1248 uniq 3 ent 1.09
ep 13 rew 73551.5 succ 0 disp 422 uniq 3 ent 1.09
ep 14 rew 88988.8 succ 1 disp 56 uniq 3 ent 1.06
ep 15 rew -193.9 succ 0 disp 178 uniq 3 ent 1.05
ep 16 rew 50399.7 succ 0 disp 290 uniq 3 ent 1.07
ep 17 rew 49042.3 succ 0 disp 111 uniq 3 ent 1.00
ep 18 rew 199883.8 succ 0 disp 126 uniq 3 ent 1.06
ep 19 rew 199806.1 succ 0 disp 62 uniq 3 ent 1.00
ep 20 rew 130891.4 succ 0 disp 429 uniq 3 ent 1.07
ep 21 rew 75199.9 succ 0 disp 339 uniq 3 ent 1.09
ep 22 rew -217.1 succ 0 disp 274 uniq 3 ent 1.08
ep 23 rew 44604.5 succ 0 disp 292 uniq 3 ent 1.06
ep 24 rew -289.6 succ 0 disp 414 uniq 3 ent 1.08
ep 25 rew 84569.4 succ 1 disp 126 uniq 3 ent 1.09
ep 26 rew 156575.4 succ 0 disp 174 uniq 3 ent 1.08
ep 27 rew -203.6 succ 0 disp 95 uniq 3 ent 1.01
ep 28 rew -244.2 succ 0 disp 849 uniq 3 ent 1.10
ep 29 rew 142569.1 succ 0 disp 144 uniq 3 ent 1.09
ep 30 rew -434.4 succ 0 disp 629 uniq 3 ent 1.09
ep 31 rew -224.3 succ 0 disp 77 uniq 3 ent 1.04
ep 32 rew 151860.5 succ 0 disp 512 uniq 3 ent 1.08
ep 33 rew 115771.9 succ 0 disp 432 uniq 3 ent 1.06
ep 34 rew 34616.6 succ 0 disp 653 uniq 3 ent 1.09
ep 35 rew 175786.9 succ 0 disp 226 uniq 3 ent 1.08
ep 36 rew -191.7 succ 0 disp 48 uniq 3 ent 1.06
ep 37 rew 49777.9 succ 0 disp 413 uniq 3 ent 1.09
ep 38 rew -238.8 succ 0 disp 83 uniq 3 ent 1.07
ep 39 rew -264.0 succ 0 disp 218 uniq 3 ent 1.06
ep 40 rew 61628.4 succ 0 disp 175 uniq 3 ent 1.06
ep 41 rew -157.9 succ 0 disp 26 uniq 3 ent 1.03
ep 42 rew -206.2 succ 0 disp 152 uniq 3 ent 1.01
ep 43 rew 155579.6 succ 0 disp 91 uniq 3 ent 1.04
ep 44 rew 199770.8 succ 0 disp 102 uniq 3 ent 1.04
ep 45 rew -167.4 succ 0 disp 51 uniq 3 ent 0.98
ep 46 rew 199828.8 succ 0 disp 26 uniq 3 ent 1.01
ep 47 rew -158.1 succ 0 disp 57 uniq 3 ent 0.91
ep 48 rew -161.7 succ 0 disp 20 uniq 3 ent 0.90
ep 49 rew -150.3 clean 5965.8 rate 0.20 disp 88 pl -0.001 vl 529.3 kl 0.0005 best 5965.8@49 IMPROVED
ep 50 rew -277.3 succ 0 disp 10 uniq 3 ent 0.95
ep 51 rew 171181.4 succ 0 disp 150 uniq 3 ent 0.80
ep 52 rew -173.0 succ 0 disp 48 uniq 3 ent 1.00
ep 53 rew -201.5 succ 0 disp 53 uniq 3 ent 0.94
ep 54 rew -165.1 succ 0 disp 66 uniq 3 ent 0.90
ep 55 rew -219.7 succ 0 disp 58 uniq 3 ent 0.96
ep 56 rew -147.5 succ 0 disp 7 uniq 3 ent 0.84
ep 57 rew -163.3 succ 0 disp 39 uniq 3 ent 0.80
ep 58 rew 199825.6 succ 0 disp 19 uniq 3 ent 0.92
ep 59 rew -142.2 succ 0 disp 5 uniq 3 ent 0.86
ep 60 rew -149.4 succ 0 disp 52 uniq 3 ent 0.74
ep 61 rew -161.3 succ 0 disp 61 uniq 3 ent 0.73
ep 62 rew -174.9 succ 0 disp 40 uniq 3 ent 0.81
ep 63 rew 167757.9 succ 0 disp 66 uniq 3 ent 0.75
ep 64 rew -554.9 succ 0 disp 4 uniq 3 ent 0.68
ep 65 rew -147.7 succ 0 disp 7 uniq 3 ent 0.86
ep 66 rew 199821.7 succ 0 disp 9 uniq 3 ent 0.81
ep 67 rew -132.4 succ 0 disp 13 uniq 3 ent 0.77
ep 68 rew -187.6 succ 0 disp 79 uniq 3 ent 0.77
ep 69 rew -148.4 succ 0 disp 24 uniq 3 ent 0.80
ep 70 rew -189.5 succ 0 disp 48 uniq 3 ent 0.87
ep 71 rew 199765.9 succ 0 disp 10 uniq 3 ent 0.82
ep 72 rew 199834.7 succ 0 disp 67 uniq 3 ent 0.89
ep 73 rew -190.9 succ 0 disp 90 uniq 3 ent 0.88
ep 74 rew -232.4 succ 0 disp 122 uniq 3 ent 0.92
ep 75 rew -153.0 succ 0 disp 7 uniq 3 ent 0.75
ep 76 rew 199854.6 succ 0 disp 71 uniq 3 ent 0.77
ep 77 rew -171.3 succ 0 disp 76 uniq 3 ent 0.76
ep 78 rew -565.1 succ 0 disp 4 uniq 3 ent 0.77
ep 79 rew -178.3 succ 0 disp 31 uniq 3 ent 0.88
ep 80 rew -151.8 succ 0 disp 62 uniq 3 ent 0.92
ep 81 rew 163151.0 succ 0 disp 45 uniq 3 ent 0.74
ep 82 rew -155.3 succ 0 disp 63 uniq 3 ent 0.77
ep 83 rew -177.2 succ 0 disp 40 uniq 3 ent 0.74
ep 84 rew -156.5 succ 0 disp 43 uniq 3 ent 0.76
ep 85 rew -167.5 succ 0 disp 52 uniq 3 ent 0.59
ep 86 rew -135.4 succ 0 disp 9 uniq 3 ent 0.72
ep 87 rew 179576.5 succ 0 disp 53 uniq 3 ent 0.58
ep 88 rew -168.8 succ 0 disp 37 uniq 3 ent 0.61
ep 89 rew -189.2 succ 0 disp 91 uniq 3 ent 0.74
ep 90 rew -135.5 succ 0 disp 11 uniq 3 ent 0.78
ep 91 rew -133.1 succ 0 disp 5 uniq 3 ent 0.71
ep 92 rew -157.8 succ 0 disp 73 uniq 3 ent 0.89
ep 93 rew -201.2 succ 0 disp 116 uniq 3 ent 0.85
ep 94 rew -161.1 succ 0 disp 35 uniq 3 ent 0.97
ep 95 rew 199868.6 succ 0 disp 22 uniq 3 ent 0.97
ep 96 rew -219.4 succ 0 disp 152 uniq 3 ent 1.03
ep 97 rew -188.2 succ 0 disp 99 uniq 3 ent 0.96
ep 98 rew -221.2 succ 0 disp 94 uniq 3 ent 0.99
ep 99 rew -195.8 clean 6590.7 rate 0.20 disp 114 pl -0.001 vl 165.1 kl 0.0019 best 6590.7@99 IMPROVED
ep 100 rew -277.0 succ 0 disp 10 uniq 3 ent 0.94
ep 101 rew 169984.4 succ 0 disp 209 uniq 3 ent 0.54
ep 102 rew -162.5 succ 0 disp 33 uniq 3 ent 0.98
ep 103 rew -200.2 succ 0 disp 48 uniq 3 ent 0.94
ep 104 rew -179.2 succ 0 disp 83 uniq 3 ent 0.98
ep 105 rew -275.0 succ 0 disp 114 uniq 3 ent 1.04
ep 106 rew -170.7 succ 0 disp 9 uniq 3 ent 0.99
ep 107 rew -178.2 succ 0 disp 53 uniq 3 ent 0.96
ep 108 rew 199824.7 succ 0 disp 23 uniq 3 ent 0.90
ep 109 rew -447.3 succ 0 disp 7 uniq 3 ent 0.82
ep 110 rew -150.9 succ 0 disp 22 uniq 3 ent 0.91
ep 111 rew -186.5 succ 0 disp 109 uniq 3 ent 0.90
ep 112 rew -182.5 succ 0 disp 78 uniq 3 ent 0.92
ep 113 rew -193.7 succ 0 disp 23 uniq 3 ent 0.88
ep 114 rew -162.0 succ 0 disp 105 uniq 3 ent 0.96
ep 115 rew -183.9 succ 0 disp 22 uniq 3 ent 0.94
ep 116 rew -218.2 succ 0 disp 97 uniq 3 ent 1.00
ep 117 rew -201.5 succ 0 disp 48 uniq 3 ent 1.07
ep 118 rew -298.1 succ 0 disp 3 uniq 3 ent 1.02
ep 119 rew -499.9 succ 0 disp 0 uniq 3 ent 1.07
saved best_ep=99 clean=6590.7
