pygame 2.5.2 (SDL 2.28.2, Python 3.12.1)
Hello from the pygame community. https://www.pygame.org/contribute.html
ep 0 rew -671.7 succ 0 disp 2232 uniq 3 ent 1.09
ep 1 rew -591.6 succ 0 disp 2314 uniq 3 ent 1.09
ep 2 rew -140.8 succ 0 disp 292 uniq 3 ent 1.09
ep 3 rew 982.4 succ 1 disp 116 uniq 3 ent 1.07
ep 4 rew 982.9 succ 1 disp 85 uniq 3 ent 1.09
ep 5 rew 979.7 succ 1 disp 116 uniq 3 ent 1.10
ep 6 rew 980.7 succ 1 disp 94 uniq 3 ent 1.09
ep 7 rew 976.2 succ 1 disp 104 uniq 3 ent 1.09
ep 8 rew 987.8 succ 1 disp 64 uniq 3 ent 1.09
ep 9 rew 982.8 succ 1 disp 105 uniq 3 ent 1.10
ep 10 rew 979.0 succ 1 disp 112 uniq 3 ent 1.08
ep 11 rew -286.3 succ 0 disp 808 uniq 3 ent 1.08
ep 12 rew -441.1 succ 0 disp 1040 uniq 3 ent 1.08
ep 13 rew 977.9 succ 1 disp 109 uniq 3 ent 1.07
ep 14 rew 975.2 succ 1 disp 174 uniq 3 ent 1.09
ep 15 rew -386.5 succ 0 disp 1934 uniq 3 ent 1.08
ep 16 rew 964.1 succ 1 disp 214 uniq 3 ent 1.08
ep 17 rew 987.2 succ 1 disp 66 uniq 3 ent 1.09
ep 18 rew -534.2 succ 0 disp 1528 uniq 3 ent 1.09
ep 19 rew -455.5 succ 0 disp 2129 uniq 3 ent 1.09
ep 20 rew -264.1 succ 0 disp 689 uniq 3 ent 1.07
ep 21 rew 972.9 succ 1 disp 163 uniq 3 ent 1.09
ep 22 rew -301.8 succ 0 disp 1328 uniq 3 ent 1.09
ep 23 rew 979.4 succ 1 disp 111 uniq 3 ent 1.08
ep 24 rew 968.6 succ 1 disp 187 uniq 3 ent 1.09
ep 25 rew -298.8 succ 0 disp 846 uniq 3 ent 1.09
ep 26 rew -492.7 succ 0 disp 1915 uniq 3 ent 1.09
ep 27 rew 984.8 succ 1 disp 69 uniq 3 ent 1.08
ep 28 rew -590.5 succ 0 disp 3003 uniq 3 ent 1.09
ep 29 rew -225.8 succ 0 disp 692 uniq 3 ent 1.09
ep 30 rew -373.6 succ 0 disp 2134 uniq 3 ent 1.09
ep 31 rew -266.8 succ 0 disp 607 uniq 3 ent 1.09
ep 32 rew -525.1 succ 0 disp 2302 uniq 3 ent 1.09
ep 33 rew -319.1 succ 0 disp 1045 uniq 3 ent 1.08
ep 34 rew -317.4 succ 0 disp 925 uniq 3 ent 1.07
ep 35 rew -414.8 succ 0 disp 1208 uniq 3 ent 1.08
ep 36 rew -321.4 succ 0 disp 919 uniq 3 ent 1.09
ep 37 rew 945.5 succ 1 disp 228 uniq 3 ent 1.09
ep 38 rew 973.4 succ 1 disp 162 uniq 3 ent 1.09
ep 39 rew -226.4 succ 0 disp 715 uniq 3 ent 1.09
ep 40 rew -583.8 succ 0 disp 2803 uniq 3 ent 1.08
ep 41 rew -394.3 succ 0 disp 2075 uniq 3 ent 1.09
ep 42 rew 992.4 succ 1 disp 38 uniq 3 ent 1.09
ep 43 rew -327.3 succ 0 disp 1471 uniq 3 ent 1.08
ep 44 rew -218.2 succ 0 disp 722 uniq 3 ent 1.09
ep 45 rew 938.7 succ 1 disp 248 uniq 3 ent 1.09
ep 46 rew -453.4 succ 0 disp 2419 uniq 3 ent 1.09
ep 47 rew -388.8 succ 0 disp 971 uniq 3 ent 1.08
ep 48 rew -303.5 succ 0 disp 764 uniq 3 ent 1.09
ep 49 rew 978.3 clean -300.0 best -300.0@49 IMPROVED
ep 50 rew -612.8 succ 0 disp 1998 uniq 3 ent 1.09
ep 51 rew -606.4 succ 0 disp 1563 uniq 3 ent 1.09
ep 52 rew -155.9 succ 0 disp 330 uniq 3 ent 1.08
ep 53 rew -426.0 succ 0 disp 1920 uniq 3 ent 1.08
ep 54 rew 956.9 succ 1 disp 216 uniq 3 ent 1.08
ep 55 rew -450.4 succ 0 disp 2525 uniq 3 ent 1.08
ep 56 rew -218.2 succ 0 disp 990 uniq 3 ent 1.09
ep 57 rew -374.5 succ 0 disp 1024 uniq 3 ent 1.09
ep 58 rew -566.8 succ 0 disp 1286 uniq 3 ent 1.08
ep 59 rew -544.5 succ 0 disp 2607 uniq 3 ent 1.09
ep 60 rew -320.7 succ 0 disp 821 uniq 3 ent 1.09
ep 61 rew -275.4 succ 0 disp 1298 uniq 3 ent 1.09
ep 62 rew -317.1 succ 0 disp 840 uniq 3 ent 1.09
ep 63 rew -413.4 succ 0 disp 2034 uniq 3 ent 1.09
ep 64 rew -473.7 succ 0 disp 1163 uniq 3 ent 1.09
ep 65 rew -235.8 succ 0 disp 951 uniq 3 ent 1.09
ep 66 rew -365.6 succ 0 disp 773 uniq 3 ent 1.09
ep 67 rew -286.4 succ 0 disp 1212 uniq 3 ent 1.09
ep 68 rew 978.5 succ 1 disp 101 uniq 3 ent 1.09
ep 69 rew -355.5 succ 0 disp 813 uniq 3 ent 1.08
ep 70 rew -225.5 succ 0 disp 1100 uniq 3 ent 1.09
ep 71 rew -357.7 succ 0 disp 1070 uniq 3 ent 1.09
ep 72 rew 923.6 succ 1 disp 285 uniq 3 ent 1.08
ep 73 rew -302.4 succ 0 disp 881 uniq 3 ent 1.09
ep 74 rew -266.0 succ 0 disp 695 uniq 3 ent 1.09
ep 75 rew -214.7 succ 0 disp 1434 uniq 3 ent 1.09
ep 76 rew -184.0 succ 0 disp 1163 uniq 3 ent 1.09
ep 77 rew -168.4 succ 0 disp 841 uniq 3 ent 1.09
ep 78 rew 936.3 succ 1 disp 286 uniq 3 ent 1.08
ep 79 rew -471.9 succ 0 disp 1807 uniq 3 ent 1.09
ep 80 rew -248.7 succ 0 disp 636 uniq 3 ent 1.09
ep 81 rew 983.2 succ 1 disp 86 uniq 3 ent 1.09
ep 82 rew -531.4 succ 0 disp 1469 uniq 3 ent 1.09
ep 83 rew -283.8 succ 0 disp 832 uniq 3 ent 1.08
ep 84 rew -163.4 succ 0 disp 249 uniq 3 ent 1.09
ep 85 rew -220.1 succ 0 disp 1152 uniq 3 ent 1.09
ep 86 rew -178.5 succ 0 disp 308 uniq 3 ent 1.09
ep 87 rew -658.5 succ 0 disp 3128 uniq 3 ent 1.09
ep 88 rew -261.9 succ 0 disp 277 uniq 3 ent 1.09
ep 89 rew -217.9 succ 0 disp 474 uniq 3 ent 1.09
ep 90 rew 932.1 succ 1 disp 238 uniq 3 ent 1.09
ep 91 rew -383.7 succ 0 disp 1722 uniq 3 ent 1.08
ep 92 rew -308.6 succ 0 disp 521 uniq 3 ent 1.08
ep 93 rew -180.6 succ 0 disp 541 uniq 3 ent 1.09
ep 94 rew -415.5 succ 0 disp 2054 uniq 3 ent 1.09
ep 95 rew -261.9 succ 0 disp 829 uniq 3 ent 1.09
ep 96 rew -167.6 succ 0 disp 526 uniq 3 ent 1.08
ep 97 rew -183.7 succ 0 disp 263 uniq 3 ent 1.08
ep 98 rew 846.5 succ 1 disp 390 uniq 3 ent 1.09
ep 99 rew 919.2 clean -300.0 best -300.0@49 stale 1/4
ep 100 rew -221.9 succ 0 disp 252 uniq 3 ent 1.08
ep 101 rew -239.3 succ 0 disp 169 uniq 3 ent 1.08
ep 102 rew -337.9 succ 0 disp 1582 uniq 3 ent 1.08
ep 103 rew -197.8 succ 0 disp 297 uniq 3 ent 1.08
ep 104 rew -519.1 succ 0 disp 1034 uniq 3 ent 1.08
ep 105 rew -265.7 succ 0 disp 569 uniq 3 ent 1.08
ep 106 rew -264.1 succ 0 disp 704 uniq 3 ent 1.09
ep 107 rew -198.2 succ 0 disp 179 uniq 3 ent 1.09
ep 108 rew -276.4 succ 0 disp 372 uniq 3 ent 1.09
ep 109 rew -218.5 succ 0 disp 224 uniq 3 ent 1.08
ep 110 rew -190.0 succ 0 disp 273 uniq 3 ent 1.08
ep 111 rew -236.1 succ 0 disp 259 uniq 3 ent 1.09
ep 112 rew -258.8 succ 0 disp 162 uniq 3 ent 1.09
ep 113 rew -380.2 succ 0 disp 275 uniq 3 ent 1.09
ep 114 rew -327.8 succ 0 disp 879 uniq 3 ent 1.09
ep 115 rew -359.1 succ 0 disp 2060 uniq 3 ent 1.09
ep 116 rew -673.0 succ 0 disp 1323 uniq 3 ent 1.09
ep 117 rew -375.1 succ 0 disp 430 uniq 3 ent 1.09
ep 118 rew -292.9 succ 0 disp 401 uniq 3 ent 1.07
ep 119 rew -280.0 succ 0 disp 94 uniq 3 ent 1.09
ep 120 rew -264.2 succ 0 disp 970 uniq 3 ent 1.09
ep 121 rew -326.3 succ 0 disp 1265 uniq 3 ent 1.09
ep 122 rew -379.2 succ 0 disp 788 uniq 3 ent 1.09
ep 123 rew -359.3 succ 0 disp 511 uniq 3 ent 1.08
ep 124 rew -206.0 succ 0 disp 567 uniq 3 ent 1.09
ep 125 rew 949.5 succ 1 disp 130 uniq 3 ent 1.09
ep 126 rew -188.7 succ 0 disp 164 uniq 3 ent 1.08
ep 127 rew -349.2 succ 0 disp 405 uniq 3 ent 1.09
ep 128 rew 968.0 succ 1 disp 58 uniq 3 ent 1.08
ep 129 rew 931.3 succ 1 disp 162 uniq 3 ent 1.09
ep 130 rew -309.9 succ 0 disp 846 uniq 3 ent 1.09
ep 131 rew 861.9 succ 1 disp 524 uniq 3 ent 1.09
ep 132 rew -330.7 succ 0 disp 186 uniq 3 ent 1.09
ep 133 rew -325.7 succ 0 disp 581 uniq 3 ent 1.08
ep 134 rew 979.9 succ 1 disp 127 uniq 3 ent 1.08
ep 135 rew -219.7 succ 0 disp 311 uniq 3 ent 1.08
ep 136 rew -260.1 succ 0 disp 235 uniq 3 ent 1.08
ep 137 rew 981.4 succ 1 disp 72 uniq 3 ent 1.08
ep 138 rew -191.3 succ 0 disp 358 uniq 3 ent 1.09
ep 139 rew -301.7 succ 0 disp 748 uniq 3 ent 1.09
ep 140 rew -245.2 succ 0 disp 386 uniq 3 ent 1.08
ep 141 rew -349.6 succ 0 disp 414 uniq 3 ent 1.08
ep 142 rew 953.0 succ 1 disp 225 uniq 3 ent 1.09
ep 143 rew -265.6 succ 0 disp 427 uniq 3 ent 1.09
ep 144 rew -240.2 succ 0 disp 145 uniq 3 ent 1.08
ep 145 rew -400.8 succ 0 disp 66 uniq 3 ent 1.09
ep 146 rew -283.7 succ 0 disp 220 uniq 3 ent 1.09
ep 147 rew -247.4 succ 0 disp 261 uniq 3 ent 1.09
ep 148 rew -154.8 succ 0 disp 8 uniq 3 ent 1.09
ep 149 rew -278.1 clean -300.0 best -300.0@49 stale 2/4
ep 150 rew -314.7 succ 0 disp 0 uniq 3 ent 1.07
ep 151 rew -310.4 succ 0 disp 245 uniq 3 ent 1.08
ep 152 rew -360.4 succ 0 disp 11 uniq 3 ent 1.08
ep 153 rew -105.3 succ 0 disp 6 uniq 3 ent 1.07
ep 154 rew -211.4 succ 0 disp 3 uniq 3 ent 1.09
ep 155 rew -433.6 succ 0 disp 749 uniq 3 ent 1.07
ep 156 rew -343.2 succ 0 disp 859 uniq 3 ent 1.08
ep 157 rew -153.9 succ 0 disp 3 uniq 3 ent 1.08
ep 158 rew -287.7 succ 0 disp 126 uniq 3 ent 1.08
ep 159 rew -222.3 succ 0 disp 113 uniq 3 ent 1.08
ep 160 rew -169.9 succ 0 disp 83 uniq 3 ent 1.09
ep 161 rew -143.0 succ 0 disp 9 uniq 3 ent 1.08
ep 162 rew -527.6 succ 0 disp 4 uniq 3 ent 1.08
ep 163 rew -222.1 succ 0 disp 319 uniq 3 ent 1.08
ep 164 rew -356.3 succ 0 disp 0 uniq 3 ent 1.09
ep 165 rew -495.2 succ 0 disp 677 uniq 3 ent 1.09
ep 166 rew -223.5 succ 0 disp 126 uniq 3 ent 1.09
ep 167 rew -330.3 succ 0 disp 590 uniq 3 ent 1.10
ep 168 rew -566.2 succ 0 disp 670 uniq 3 ent 1.09
ep 169 rew -325.1 succ 0 disp 316 uniq 3 ent 1.08
ep 170 rew -356.8 succ 0 disp 513 uniq 3 ent 1.09
ep 171 rew -239.6 succ 0 disp 99 uniq 3 ent 1.08
ep 172 rew -200.8 succ 0 disp 4 uniq 3 ent 1.07
ep 173 rew -232.4 succ 0 disp 245 uniq 3 ent 1.08
ep 174 rew -318.1 succ 0 disp 76 uniq 3 ent 1.08
ep 175 rew -190.7 succ 0 disp 17 uniq 3 ent 1.07
ep 176 rew -206.7 succ 0 disp 358 uniq 3 ent 1.09
ep 177 rew -202.3 succ 0 disp 83 uniq 3 ent 1.08
ep 178 rew -311.5 succ 0 disp 274 uniq 3 ent 1.09
ep 179 rew -188.0 succ 0 disp 231 uniq 3 ent 1.08
ep 180 rew -304.7 succ 0 disp 86 uniq 3 ent 1.08
ep 181 rew -208.4 succ 0 disp 159 uniq 3 ent 1.09
ep 182 rew -298.8 succ 0 disp 415 uniq 3 ent 1.09
ep 183 rew -356.6 succ 0 disp 424 uniq 3 ent 1.08
ep 184 rew -310.8 succ 0 disp 154 uniq 3 ent 1.09
ep 185 rew -734.0 succ 0 disp 1289 uniq 3 ent 1.08
ep 186 rew -319.3 succ 0 disp 1 uniq 3 ent 1.10
ep 187 rew -178.2 succ 0 disp 68 uniq 3 ent 1.09
ep 188 rew -340.0 succ 0 disp 813 uniq 3 ent 1.09
ep 189 rew -266.5 succ 0 disp 179 uniq 3 ent 1.05
ep 190 rew -278.3 succ 0 disp 39 uniq 3 ent 1.10
ep 191 rew -333.2 succ 0 disp 262 uniq 3 ent 1.08
ep 192 rew -355.2 succ 0 disp 150 uniq 3 ent 1.07
ep 193 rew -288.2 succ 0 disp 143 uniq 3 ent 1.07
ep 194 rew -197.7 succ 0 disp 353 uniq 3 ent 1.07
ep 195 rew -196.9 succ 0 disp 269 uniq 3 ent 1.08
ep 196 rew -447.4 succ 0 disp 596 uniq 3 ent 1.09
ep 197 rew -382.1 succ 0 disp 392 uniq 3 ent 1.09
ep 198 rew -236.2 succ 0 disp 149 uniq 3 ent 1.08
ep 199 rew -806.6 clean -300.0 best -300.0@49 stale 3/4
ep 200 rew -390.8 succ 0 disp 1 uniq 3 ent 1.08
ep 201 rew -391.5 succ 0 disp 2 uniq 3 ent 1.08
ep 202 rew -125.8 succ 0 disp 1 uniq 3 ent 1.08
ep 203 rew -208.0 succ 0 disp 0 uniq 3 ent 1.08
ep 204 rew -473.6 succ 0 disp 871 uniq 3 ent 1.08
ep 205 rew -317.0 succ 0 disp 443 uniq 3 ent 1.08
ep 206 rew -310.0 succ 0 disp 8 uniq 3 ent 1.07
ep 207 rew -223.6 succ 0 disp 373 uniq 3 ent 1.08
ep 208 rew -219.4 succ 0 disp 48 uniq 3 ent 1.08
ep 209 rew -291.3 succ 0 disp 120 uniq 3 ent 1.09
ep 210 rew -317.3 succ 0 disp 13 uniq 3 ent 1.07
ep 211 rew -365.8 succ 0 disp 0 uniq 3 ent 1.07
ep 212 rew -402.5 succ 0 disp 551 uniq 3 ent 1.09
ep 213 rew -328.8 succ 0 disp 6 uniq 3 ent 1.09
ep 214 rew -470.1 succ 0 disp 0 uniq 3 ent 1.09
ep 215 rew -533.5 succ 0 disp 1144 uniq 3 ent 1.10
ep 216 rew -230.0 succ 0 disp 59 uniq 3 ent 1.08
ep 217 rew -320.7 succ 0 disp 372 uniq 3 ent 1.08
ep 218 rew -475.5 succ 0 disp 469 uniq 3 ent 1.09
ep 219 rew -280.8 succ 0 disp 237 uniq 3 ent 1.06
ep 220 rew -391.4 succ 0 disp 1 uniq 3 ent 1.08
ep 221 rew -332.3 succ 0 disp 103 uniq 3 ent 1.08
ep 222 rew -382.6 succ 0 disp 1 uniq 3 ent 1.09
ep 223 rew -244.5 succ 0 disp 485 uniq 3 ent 1.09
ep 224 rew -214.7 succ 0 disp 79 uniq 3 ent 1.07
ep 225 rew -340.3 succ 0 disp 259 uniq 3 ent 1.08
ep 226 rew -209.8 succ 0 disp 130 uniq 3 ent 1.08
ep 227 rew 975.7 succ 1 disp 121 uniq 3 ent 1.09
ep 228 rew -499.5 succ 0 disp 0 uniq 3 ent 1.08
ep 229 rew -235.8 succ 0 disp 207 uniq 3 ent 1.08
ep 230 rew -363.4 succ 0 disp 0 uniq 3 ent 1.08
ep 231 rew -456.4 succ 0 disp 0 uniq 3 ent 1.10
ep 232 rew -288.3 succ 0 disp 247 uniq 3 ent 1.09
ep 233 rew 913.0 succ 1 disp 431 uniq 3 ent 1.09
ep 234 rew -421.1 succ 0 disp 142 uniq 3 ent 1.08
ep 235 rew -272.6 succ 0 disp 148 uniq 3 ent 1.08
ep 236 rew -360.1 succ 0 disp 592 uniq 3 ent 1.09
ep 237 rew -286.8 succ 0 disp 378 uniq 3 ent 1.08
ep 238 rew -205.3 succ 0 disp 28 uniq 3 ent 1.08
ep 239 rew -176.2 succ 0 disp 19 uniq 3 ent 1.06
ep 240 rew -482.6 succ 0 disp 693 uniq 3 ent 1.08
ep 241 rew -327.2 succ 0 disp 205 uniq 3 ent 1.08
ep 242 rew -366.7 succ 0 disp 1272 uniq 3 ent 1.09
ep 243 rew -410.0 succ 0 disp 168 uniq 3 ent 1.08
ep 244 rew -238.7 succ 0 disp 0 uniq 3 ent 1.08
ep 245 rew -221.1 succ 0 disp 31 uniq 3 ent 1.09
ep 246 rew -268.4 succ 0 disp 130 uniq 3 ent 1.09
ep 247 rew -328.9 succ 0 disp 23 uniq 3 ent 1.08
ep 248 rew -259.8 succ 0 disp 193 uniq 3 ent 1.09
ep 249 rew -335.7 clean -300.0 best -300.0@49 stale 4/4
early-stop: no clean gain >1.0 for 4 evals (200 eps)
saved best_ep=49 clean=-300.0
