pygame 2.5.2 (SDL 2.28.2, Python 3.12.1)
Hello from the pygame community. https://www.pygame.org/contribute.html
/home/manigupt/miniconda3/envs/myenv/lib/python3.12/site-packages/torch/cuda/__init__.py:58: FutureWarning: The pynvml package is deprecated. Please install nvidia-ml-py instead. If you did not install pynvml directly, please report this to the maintainers of the package that installed pynvml for you.
  import pynvml  # type: ignore[import]
Using Genetic Algorithm (Neuroevolution) for training
Using 4 parallel environments
training pool: ['simple_oval']
Seeded population from /home/manigupt/Hello/control-works/arcade_games/drift_racer/codebase/training/models/drift_policy_model_best.pth (champion + mutants)
Resumed from /home/manigupt/Hello/control-works/arcade_games/drift_racer/codebase/training/models/checkpoint.pt at gen 17 (pool: ['simple_oval', 'proc_11', 'proc_12'])
Workers: 3 processes x 4 envs
  [Gen 17] Evaluated 5/35 agents...
  [Gen 17] Evaluated 10/35 agents...
  [Gen 17] Evaluated 15/35 agents...
  [Gen 17] Evaluated 20/35 agents...
  [Gen 17] Evaluated 25/35 agents...
  [Gen 17] Evaluated 30/35 agents...
  [Gen 17] Evaluated 35/35 agents...
[16:57:12] Gen 17/20 | Best(clean): laps=4.0, minlap=0.0, steps=2638, deaths=12, drift=0.95, uniq=2, ent=0.57 | Avg(clean): laps=0.83, steps=1137, deaths=33.6 | TPS: 3685 (avg: 38505) | Time: 524.1s (total: 8.7m)
  [Gen 18] Evaluated 5/35 agents...
  [Gen 18] Evaluated 10/35 agents...
  [Gen 18] Evaluated 15/35 agents...
  [Gen 18] Evaluated 20/35 agents...
  [Gen 18] Evaluated 25/35 agents...
  [Gen 18] Evaluated 30/35 agents...
  [Gen 18] Evaluated 35/35 agents...
[17:08:07] Gen 18/20 | Best(clean): laps=4.5, minlap=0.0, steps=3018, deaths=12, drift=0.95, uniq=1, ent=0.52 | Avg(clean): laps=1.07, steps=1434, deaths=33.6 | TPS: 3467 (avg: 19038) | Time: 655.2s (total: 19.7m)
  [Gen 19] Evaluated 5/35 agents...
  [Gen 19] Evaluated 10/35 agents...
  [Gen 19] Evaluated 15/35 agents...
  [Gen 19] Evaluated 20/35 agents...
  [Gen 19] Evaluated 25/35 agents...
  [Gen 19] Evaluated 30/35 agents...
  [Gen 19] Evaluated 35/35 agents...
[17:17:47] Gen 19/20 | Best(clean): laps=4.0, minlap=0.0, steps=2638, deaths=12, drift=0.95, uniq=2, ent=0.57 | Avg(clean): laps=0.92, steps=1297, deaths=33.6 | TPS: 3631 (avg: 13961) | Time: 579.5s (total: 29.3m)
  [Gen 20] Evaluated 5/35 agents...
  [Gen 20] Evaluated 10/35 agents...
  [Gen 20] Evaluated 15/35 agents...
  [Gen 20] Evaluated 20/35 agents...
  [Gen 20] Evaluated 25/35 agents...
  [Gen 20] Evaluated 30/35 agents...
  [Gen 20] Evaluated 35/35 agents...
[17:27:02] Gen 20/20 | Best(clean): laps=4.0, minlap=0.0, steps=2638, deaths=12, drift=0.95, uniq=2, ent=0.57 | Avg(clean): laps=1.04, steps=1304, deaths=33.6 | TPS: 3730 (avg: 11507) | Time: 555.1s (total: 38.6m)

--- Milestone Check (Gen 20): top 3 clean fitness ---
  Rank 1: laps=4.00, steps=2638, deaths=12, uniq=2, ent=0.57
  Rank 2: laps=3.75, steps=2572, deaths=12, uniq=1, ent=0.52
  Rank 3: laps=3.25, steps=2310, deaths=12, uniq=1, ent=0.54
------------------------------------------------------------

Training completed!
Best fitness achieved: laps=4.50, steps=3018, deaths=12
Model saved to /home/manigupt/Hello/control-works/arcade_games/drift_racer/codebase/training/models/drift_policy_model.pth
Run with --visualize to autoplay (no prompt, CI-safe).
