pygame 2.5.2 (SDL 2.28.2, Python 3.12.1)
Hello from the pygame community. https://www.pygame.org/contribute.html
/home/manigupt/miniconda3/envs/myenv/lib/python3.12/site-packages/torch/cuda/__init__.py:58: FutureWarning: The pynvml package is deprecated. Please install nvidia-ml-py instead. If you did not install pynvml directly, please report this to the maintainers of the package that installed pynvml for you.
  import pynvml  # type: ignore[import]
Using Genetic Algorithm (Neuroevolution) for training
Using 4 parallel environments
training pool: ['simple_oval']
Seeded population from /home/manigupt/Hello/control-works/arcade_games/drift_racer/codebase/training/models/drift_policy_model_best.pth (champion + mutants)
Resumed from /home/manigupt/Hello/control-works/arcade_games/drift_racer/codebase/training/models/checkpoint.pt at gen 8 (pool: ['simple_oval'])
Workers: 3 processes x 4 envs
  [Gen 8] Evaluated 5/35 agents...
  [Gen 8] Evaluated 10/35 agents...
  [Gen 8] Evaluated 15/35 agents...
  [Gen 8] Evaluated 20/35 agents...
  [Gen 8] Evaluated 25/35 agents...
  [Gen 8] Evaluated 30/35 agents...
  [Gen 8] Evaluated 35/35 agents...
[14:05:23] Gen 8/12 | Best(clean): laps=4.0, minlap=0.0, steps=4001, deaths=12, drift=0.79, uniq=3, ent=0.67 | Avg(clean): laps=0.23, steps=620, deaths=33.6 | TPS: 1623 (avg: 10763) | Time: 556.5s (total: 9.3m)
pool proc track: /home/manigupt/Hello/control-works/arcade_games/drift_racer/codebase/tracks/proc_12.json {'shape': 'stadium', 'tries': 1, 'reverse': False}
CURRICULUM expanded pool: ['simple_oval', 'proc_11', 'proc_12']
  [Gen 9] Evaluated 5/35 agents...
  [Gen 9] Evaluated 10/35 agents...
  [Gen 9] Evaluated 15/35 agents...
  [Gen 9] Evaluated 20/35 agents...
  [Gen 9] Evaluated 25/35 agents...
  [Gen 9] Evaluated 30/35 agents...
  [Gen 9] Evaluated 35/35 agents...
[14:12:23] Gen 9/12 | Best(clean): laps=2.0, minlap=0.0, steps=2058, deaths=12, drift=0.83, uniq=1, ent=0.50 | Avg(clean): laps=0.12, steps=429, deaths=33.6 | TPS: 1831 (avg: 6918) | Time: 420.6s (total: 16.3m)
  [Gen 10] Evaluated 5/35 agents...
  [Gen 10] Evaluated 10/35 agents...
  [Gen 10] Evaluated 15/35 agents...
  [Gen 10] Evaluated 20/35 agents...
  [Gen 10] Evaluated 25/35 agents...
  [Gen 10] Evaluated 30/35 agents...
  [Gen 10] Evaluated 35/35 agents...
[14:17:44] Gen 10/12 | Best(clean): laps=2.0, minlap=0.0, steps=2058, deaths=12, drift=0.83, uniq=1, ent=0.50 | Avg(clean): laps=0.20, steps=482, deaths=33.6 | TPS: 2782 (avg: 5897) | Time: 320.2s (total: 21.6m)
  [Gen 11] Evaluated 5/35 agents...
  [Gen 11] Evaluated 10/35 agents...
  [Gen 11] Evaluated 15/35 agents...
  [Gen 11] Evaluated 20/35 agents...
  [Gen 11] Evaluated 25/35 agents...
  [Gen 11] Evaluated 30/35 agents...
  [Gen 11] Evaluated 35/35 agents...
[14:23:16] Gen 11/12 | Best(clean): laps=4.0, minlap=0.0, steps=2058, deaths=12, drift=0.93, uniq=1, ent=0.78 | Avg(clean): laps=0.31, steps=622, deaths=33.6 | TPS: 3503 (avg: 5408) | Time: 332.4s (total: 27.2m)
  [Gen 12] Evaluated 5/35 agents...
  [Gen 12] Evaluated 10/35 agents...
  [Gen 12] Evaluated 15/35 agents...
  [Gen 12] Evaluated 20/35 agents...
  [Gen 12] Evaluated 25/35 agents...
  [Gen 12] Evaluated 30/35 agents...
  [Gen 12] Evaluated 35/35 agents...
[14:30:42] Gen 12/12 | Best(clean): laps=3.0, minlap=0.0, steps=2602, deaths=12, drift=0.86, uniq=1, ent=0.49 | Avg(clean): laps=0.49, steps=928, deaths=33.6 | TPS: 3345 (avg: 4965) | Time: 446.3s (total: 34.6m)

Training completed!
Best fitness achieved: laps=4.00, steps=2058, deaths=12
Model saved to /home/manigupt/Hello/control-works/arcade_games/drift_racer/codebase/training/models/drift_policy_model.pth
Run with --visualize to autoplay (no prompt, CI-safe).
