pygame 2.5.2 (SDL 2.28.2, Python 3.12.1)
Hello from the pygame community. https://www.pygame.org/contribute.html
/home/manigupt/miniconda3/envs/myenv/lib/python3.12/site-packages/torch/cuda/__init__.py:58: FutureWarning: The pynvml package is deprecated. Please install nvidia-ml-py instead. If you did not install pynvml directly, please report this to the maintainers of the package that installed pynvml for you.
  import pynvml  # type: ignore[import]
Using Genetic Algorithm (Neuroevolution) for training
Using 4 parallel environments
training pool: ['simple_oval']
Seeded population from /home/manigupt/Hello/control-works/arcade_games/drift_racer/codebase/training/models/drift_policy_model_best.pth (champion + mutants)
Resumed from /home/manigupt/Hello/control-works/arcade_games/drift_racer/codebase/training/models/checkpoint.pt at gen 13 (pool: ['simple_oval', 'proc_11', 'proc_12'])
Workers: 3 processes x 4 envs
  [Gen 13] Evaluated 5/35 agents...
  [Gen 13] Evaluated 10/35 agents...
  [Gen 13] Evaluated 15/35 agents...
  [Gen 13] Evaluated 20/35 agents...
  [Gen 13] Evaluated 25/35 agents...
  [Gen 13] Evaluated 30/35 agents...
  [Gen 13] Evaluated 35/35 agents...
[15:54:13] Gen 13/16 | Best(clean): laps=2.5, minlap=0.0, steps=2131, deaths=12, drift=0.95, uniq=2, ent=0.55 | Avg(clean): laps=0.60, steps=1012, deaths=33.6 | TPS: 3943 (avg: 26273) | Time: 461.6s (total: 7.7m)
  [Gen 14] Evaluated 5/35 agents...
  [Gen 14] Evaluated 10/35 agents...
  [Gen 14] Evaluated 15/35 agents...
  [Gen 14] Evaluated 20/35 agents...
  [Gen 14] Evaluated 25/35 agents...
  [Gen 14] Evaluated 30/35 agents...
  [Gen 14] Evaluated 35/35 agents...
[16:02:51] Gen 14/16 | Best(clean): laps=3.0, minlap=0.0, steps=2122, deaths=12, drift=0.94, uniq=1, ent=0.52 | Avg(clean): laps=0.74, steps=1196, deaths=33.6 | TPS: 3765 (avg: 14370) | Time: 518.1s (total: 16.3m)
  [Gen 15] Evaluated 5/35 agents...
  [Gen 15] Evaluated 10/35 agents...
  [Gen 15] Evaluated 15/35 agents...
  [Gen 15] Evaluated 20/35 agents...
  [Gen 15] Evaluated 25/35 agents...
  [Gen 15] Evaluated 30/35 agents...
  [Gen 15] Evaluated 35/35 agents...
[16:11:16] Gen 15/16 | Best(clean): laps=4.0, minlap=0.0, steps=2638, deaths=12, drift=0.95, uniq=2, ent=0.57 | Avg(clean): laps=0.73, steps=1087, deaths=33.6 | TPS: 3839 (avg: 10789) | Time: 504.7s (total: 24.7m)
  [Gen 16] Evaluated 5/35 agents...
  [Gen 16] Evaluated 10/35 agents...
  [Gen 16] Evaluated 15/35 agents...
  [Gen 16] Evaluated 20/35 agents...
  [Gen 16] Evaluated 25/35 agents...
  [Gen 16] Evaluated 30/35 agents...
  [Gen 16] Evaluated 35/35 agents...
[16:20:40] Gen 16/16 | Best(clean): laps=4.0, minlap=0.0, steps=2638, deaths=12, drift=0.95, uniq=2, ent=0.57 | Avg(clean): laps=0.90, steps=1273, deaths=33.6 | TPS: 3962 (avg: 8911) | Time: 563.5s (total: 34.1m)

Training completed!
Best fitness achieved: laps=4.00, steps=2058, deaths=12
Model saved to /home/manigupt/Hello/control-works/arcade_games/drift_racer/codebase/training/models/drift_policy_model.pth
Run with --visualize to autoplay (no prompt, CI-safe).
