pygame 2.5.2 (SDL 2.28.2, Python 3.12.1)
Hello from the pygame community. https://www.pygame.org/contribute.html
/home/manigupt/miniconda3/envs/myenv/lib/python3.12/site-packages/torch/cuda/__init__.py:58: FutureWarning: The pynvml package is deprecated. Please install nvidia-ml-py instead. If you did not install pynvml directly, please report this to the maintainers of the package that installed pynvml for you.
  import pynvml  # type: ignore[import]
Using Genetic Algorithm (Neuroevolution) for training
Using 4 parallel environments
training pool: ['simple_oval']
Seeded population from /home/manigupt/Hello/control-works/arcade_games/drift_racer/codebase/training/models/drift_policy_model_best.pth (champion + mutants)
Resumed from /home/manigupt/Hello/control-works/arcade_games/drift_racer/codebase/training/models/checkpoint.pt at gen 21 (pool: ['simple_oval', 'proc_11', 'proc_12'])
Workers: 3 processes x 4 envs
  [Gen 21] Evaluated 5/35 agents...
  [Gen 21] Evaluated 10/35 agents...
  [Gen 21] Evaluated 15/35 agents...
  [Gen 21] Evaluated 20/35 agents...
  [Gen 21] Evaluated 25/35 agents...
  [Gen 21] Evaluated 30/35 agents...
  [Gen 21] Evaluated 35/35 agents...
[13:07:38] Gen 21/24 | Best(clean): laps=4.0, minlap=0.0, steps=2638, deaths=12, drift=0.95, uniq=2, ent=0.57 | Avg(clean): laps=0.76, steps=995, deaths=33.6 | TPS: 2238 (avg: 42726) | Time: 657.6s (total: 11.0m)
  [Gen 22] Evaluated 5/35 agents...
  [Gen 22] Evaluated 10/35 agents...
  [Gen 22] Evaluated 15/35 agents...
  [Gen 22] Evaluated 20/35 agents...
  [Gen 22] Evaluated 25/35 agents...
  [Gen 22] Evaluated 30/35 agents...
  [Gen 22] Evaluated 35/35 agents...
[13:18:05] Gen 22/24 | Best(clean): laps=4.5, minlap=0.0, steps=3018, deaths=12, drift=0.94, uniq=1, ent=0.59 | Avg(clean): laps=0.70, steps=918, deaths=33.6 | TPS: 2109 (avg: 22904) | Time: 626.8s (total: 21.4m)
  [Gen 23] Evaluated 5/35 agents...
  [Gen 23] Evaluated 10/35 agents...
  [Gen 23] Evaluated 15/35 agents...
  [Gen 23] Evaluated 20/35 agents...
  [Gen 23] Evaluated 25/35 agents...
  [Gen 23] Evaluated 30/35 agents...
  [Gen 23] Evaluated 35/35 agents...
[13:27:07] Gen 23/24 | Best(clean): laps=4.0, minlap=0.0, steps=2638, deaths=12, drift=0.95, uniq=2, ent=0.57 | Avg(clean): laps=0.56, steps=741, deaths=33.6 | TPS: 2178 (avg: 16749) | Time: 542.5s (total: 30.5m)
  [Gen 24] Evaluated 5/35 agents...
  [Gen 24] Evaluated 10/35 agents...
  [Gen 24] Evaluated 15/35 agents...
  [Gen 24] Evaluated 20/35 agents...
  [Gen 24] Evaluated 25/35 agents...
  [Gen 24] Evaluated 30/35 agents...
  [Gen 24] Evaluated 35/35 agents...
[13:35:48] Gen 24/24 | Best(clean): laps=4.0, minlap=0.0, steps=2638, deaths=12, drift=0.95, uniq=2, ent=0.57 | Avg(clean): laps=0.66, steps=790, deaths=33.6 | TPS: 2153 (avg: 13511) | Time: 520.7s (total: 39.1m)

Training completed!
Best fitness achieved: laps=4.50, steps=3018, deaths=12
Model saved to /home/manigupt/Hello/control-works/arcade_games/drift_racer/codebase/training/models/drift_policy_model.pth
Run with --visualize to autoplay (no prompt, CI-safe).
